exports[`Button snapshots 1`] = `
<button
  className={undefined}
  onClick={undefined}
  type="button">
  More
</button>
`;
